// Jest Snapshot v1, https://goo.gl/fbAQLP

exports[`Component table line Should didn't change snapshot 1`] = `
Object {
  "asFragment": [Function],
  "baseElement": <body>
    <div>
      <table
        cellspacing="0"
        class="table"
      >
        <thead
          class="thead"
        >
          <tr
            class="tableRow"
          >
            <th
              class="tableCell"
            >
              Category
            </th>
            <th
              class="tableCell"
            >
              Joke
            </th>
          </tr>
        </thead>
        <tbody>
          <tr>
            <td>
              Some text
            </td>
          </tr>
        </tbody>
      </table>
    </div>
  </body>,
  "container": <div>
    <table
      cellspacing="0"
      class="table"
    >
      <thead
        class="thead"
      >
        <tr
          class="tableRow"
        >
          <th
            class="tableCell"
          >
            Category
          </th>
          <th
            class="tableCell"
          >
            Joke
          </th>
        </tr>
      </thead>
      <tbody>
        <tr>
          <td>
            Some text
          </td>
        </tr>
      </tbody>
    </table>
  </div>,
  "debug": [Function],
  "findAllByAltText": [Function],
  "findAllByDisplayValue": [Function],
  "findAllByLabelText": [Function],
  "findAllByPlaceholderText": [Function],
  "findAllByRole": [Function],
  "findAllByTestId": [Function],
  "findAllByText": [Function],
  "findAllByTitle": [Function],
  "findByAltText": [Function],
  "findByDisplayValue": [Function],
  "findByLabelText": [Function],
  "findByPlaceholderText": [Function],
  "findByRole": [Function],
  "findByTestId": [Function],
  "findByText": [Function],
  "findByTitle": [Function],
  "getAllByAltText": [Function],
  "getAllByDisplayValue": [Function],
  "getAllByLabelText": [Function],
  "getAllByPlaceholderText": [Function],
  "getAllByRole": [Function],
  "getAllByTestId": [Function],
  "getAllByText": [Function],
  "getAllByTitle": [Function],
  "getByAltText": [Function],
  "getByDisplayValue": [Function],
  "getByLabelText": [Function],
  "getByPlaceholderText": [Function],
  "getByRole": [Function],
  "getByTestId": [Function],
  "getByText": [Function],
  "getByTitle": [Function],
  "queryAllByAltText": [Function],
  "queryAllByDisplayValue": [Function],
  "queryAllByLabelText": [Function],
  "queryAllByPlaceholderText": [Function],
  "queryAllByRole": [Function],
  "queryAllByTestId": [Function],
  "queryAllByText": [Function],
  "queryAllByTitle": [Function],
  "queryByAltText": [Function],
  "queryByDisplayValue": [Function],
  "queryByLabelText": [Function],
  "queryByPlaceholderText": [Function],
  "queryByRole": [Function],
  "queryByTestId": [Function],
  "queryByText": [Function],
  "queryByTitle": [Function],
  "rerender": [Function],
  "unmount": [Function],
}
`;
